// Jest Snapshot v1, https://goo.gl/fbAQLP

exports[`EditableData basics EditItem renders correctly 1`] = `ShallowWrapper {}`;

exports[`EditableData basics Renders correctly 1`] = `ShallowWrapper {}`;

exports[`FSettings Renders correctly 1`] = `ShallowWrapper {}`;

exports[`NoneditableData Renders correctly 1`] = `ShallowWrapper {}`;

exports[`NoneditableData StaticItem renders correctly 1`] = `ShallowWrapper {}`;
