// Jest Snapshot v1, https://goo.gl/fbAQLP

exports[`Nonprofit Autocomplete basics Renders correctly 1`] = `ShallowWrapper {}`;

exports[`Nonprofit Autocomplete shows text fields if no nonprofits Renders correctly 1`] = `ShallowWrapper {}`;

exports[`Nonprofit Autocomplete shows text fields if no nonprofits Shows text fields if there is no nonprofit selected 1`] = `ShallowWrapper {}`;
